// Jest Snapshot v1, https://goo.gl/fbAQLP

exports[`HomeButton.vue matches the snapshot 1`] = `
"<div class="demo-space-x">
  <vbtn variant="flat" color="info" to="/"> Home</vbtn>
</div>"
`;
